%%%%%%%%%%%%%%%%%%%%%%%%%%%%%%%%%%%%%%%%%%%%%%%%%%%%%%%%%%%%%%%%%%%%%%%%%%%%%%%%
                          S u m m a r y   R e p o r t
%%%%%%%%%%%%%%%%%%%%%%%%%%%%%%%%%%%%%%%%%%%%%%%%%%%%%%%%%%%%%%%%%%%%%%%%%%%%%%%%

Compilation
-----------
File     : /global/u2/b/bassem/gyro-EP/shared/profiles_gen/src/allocate_plasmastate_vars.f90
Compiled : 01/19/21  15:34:53
Compiler : Version 9.1.0
Ftnlx    : Version 9.1.0 
Target   : x86-64
Command  : ftn_driver.exe -hcpu=haswell -hdynamic -D__CRAYXC -D__CRAY_HASWELL
           -D__CRAYXT_COMPUTE_LINUX_TARGET -hnetwork=aries -hnoomp -em
           -J/global/homes/b/bassem/gyro-EP/modules -sreal64 -eD -Ktrap=fp -m1
           -Rbcdps -G0 -I/opt/cray/pe/netcdf/4.6.3.2/CRAYCLANG/9.0/include
           -c allocate_plasmastate_vars.f90
           -I/opt/cray/pe/cce/9.1.0/cce-clang/x86_64/lib/clang/9.0.0/include
           -I/opt/cray/pe/cce/9.1.0/cce/x86_64/include/craylibs -I/usr/include
           -I/usr/include -I/opt/cray/pe/fftw/3.3.8.4/haswell/include
           -I/opt/cray/pe/libsci/19.06.1/CRAY/9.0/x86_64/include
           -I/opt/cray/pe/mpt/7.7.10/gni/mpich-cray/9.0/include
           -I/opt/cray/pe/hdf5/1.10.5.2/cray/9.0/include
           -I/opt/cray/pe/netcdf/4.6.3.2/cray/9.0/include
           -I/opt/cray/rca/2.2.20-7.0.1.1_4.53__g8e3fb5b.ari/include
           -I/opt/cray/alps/6.6.58-7.0.1.1_6.10__g437d88db.ari/include
           -I/opt/cray/xpmem/2.2.20-7.0.1.1_4.14__g0475745.ari/include
           -I/opt/cray/gni-headers/5.0.12.0-7.0.1.1_6.32__g3b1768f.ari/include
           -I/opt/cray/dmapp/7.1.1-7.0.1.1_4.54__g38cf134.ari/include
           -I/opt/cray/pe/pmi/5.0.14/include
           -I/opt/cray/ugni/6.0.14.0-7.0.1.1_7.40__ge78e5b0.ari/include
           -I/opt/cray/udreg/2.3.2-7.0.1.1_3.38__g8175d3d.ari/include
           -I/opt/cray/wlm_detect/1.3.3-7.0.1.1_4.16__g7109084.ari/include
           -I/opt/cray/krca/2.2.6-7.0.1.1_5.39__gb641b12.ari/include
           -I/opt/cray-hss-devel/9.0.0/include
Program
  Units  : ALLOCATE_PLASMASTATE_VARS

ftnlx report
------------
Source   : /global/u2/b/bassem/gyro-EP/shared/profiles_gen/src/allocate_plasmastate_vars.f90
Date     : 01/19/2021  15:34:54


%%%%%%%%%%%%%%%%%%%%%%%%%%%%%%%%%%%%%%%%%%%%%%%%%%%%%%%%%%%%%%%%%%%%%%%%%%%%%%%%
                          S o u r c e   L i s t i n g
%%%%%%%%%%%%%%%%%%%%%%%%%%%%%%%%%%%%%%%%%%%%%%%%%%%%%%%%%%%%%%%%%%%%%%%%%%%%%%%%

    1.    subroutine allocate_plasmastate_vars
    2.    
    3.      use prgen_globals
    4.    
    5.      implicit none
    6.    
    7.      allocate(plst_alla_name(plst_dp1_nspec_alla))
    8.      allocate(plst_all_name(plst_dp1_nspec_all))
    9.      allocate(plst_q_all(plst_dp1_nspec_all))
   10.      allocate(plst_m_all(plst_dp1_nspec_all))
   11.      allocate(plst_ns(nx,plst_dp1_nspec_all))
   12.      allocate(plst_ts(nx,plst_dp1_nspec_all))
   13.      allocate(plst_nb(nx))
   14.      allocate(plst_nmini(nx))
   15.      allocate(plst_nfusi(nx))
   16.      allocate(plst_tb(nx))
   17.      allocate(plst_tmini(nx))
   18.      allocate(plst_tfusi(nx))
   19.      allocate(plst_epar(nx))
   20.      allocate(plst_eperp(nx))
   21.      allocate(plst_vol(nx))
   22.      allocate(plst_rho(nx))
   23.      allocate(plst_grho1(nx))
   24.      allocate(plst_phit(nx))
   25.      allocate(plst_psipol(nx))
   26.      allocate(plst_elong(nx))
   27.      allocate(plst_triang(nx))
   28.      allocate(plst_iota(nx))
   29.      allocate(plst_r_midp_in(nx))
   30.      allocate(plst_r_midp_out(nx))
   31.      allocate(plst_z_midp(nx))
   32.      allocate(plst_zeff(nx))
   33.      allocate(plst_epot(nx))
   34.      allocate(plst_omegat(nx))
   35.    
   36.      allocate(plst_pe_trans(nx))
   37.      allocate(plst_pi_trans(nx))
   38.      allocate(plst_peech(nx))
   39.      allocate(plst_pmini(nx))
   40.      allocate(plst_pminth(nx))
   41.      allocate(plst_picth(nx))
   42.      allocate(plst_pmine(nx))
   43.      allocate(plst_pohme(nx))
   44.      allocate(plst_qie(nx))
   45.      allocate(plst_pbe(nx))
   46.      allocate(plst_pbi(nx))
   47.      allocate(plst_pbth(nx))
   48.      allocate(plst_pfusi(nx))
   49.      allocate(plst_pfusth(nx))
   50.      allocate(plst_pfuse(nx))
   51.      allocate(plst_prad_br(nx))
   52.      allocate(plst_prad_cy(nx))
   53.      allocate(plst_prad_li(nx))
   54.      allocate(plst_tq_trans(nx))
   55.      allocate(plst_sn_trans(nx))
   56.    
   57.    end subroutine allocate_plasmastate_vars


%%%%%%%%%%%%%%%%%%%%%%%%%%%%%%%%%%%%%%%%%%%%%%%%%%%%%%%%%%%%%%%%%%%%%%%%%%%%%%%%
                         E x t e r n a l   R e p o r t
%%%%%%%%%%%%%%%%%%%%%%%%%%%%%%%%%%%%%%%%%%%%%%%%%%%%%%%%%%%%%%%%%%%%%%%%%%%%%%%%

Name  Messages
----  --------
ALLOCATE_PLASMASTATE_VARS
      Defined as:  Subroutine (line 1, file allocate_plasmastate_vars.f90)

      Interface:   None

        Uses:      PRGEN_GLOBALS

Name  Messages
----  --------
PRGEN_GLOBALS
      Defined as:  No definitions.

      Used By:     ALLOCATE_PLASMASTATE_VARS


%%%%%%%%%%%%%%%%%%%%%%%%%%%%%%%%%%%%%%%%%%%%%%%%%%%%%%%%%%%%%%%%%%%%%%%%%%%%%%%%
%%%%%%%%%%%%%%%%%%%%%%%%%%%%%%%%%%%%%%%%%%%%%%%%%%%%%%%%%%%%%%%%%%%%%%%%%%%%%%%%
