%%%%%%%%%%%%%%%%%%%%%%%%%%%%%%%%%%%%%%%%%%%%%%%%%%%%%%%%%%%%%%%%%%%%%%%%%%%%%%%%
                          S u m m a r y   R e p o r t
%%%%%%%%%%%%%%%%%%%%%%%%%%%%%%%%%%%%%%%%%%%%%%%%%%%%%%%%%%%%%%%%%%%%%%%%%%%%%%%%

Compilation
-----------
File     : /global/u2/b/bassem/gyro-EP/shared/profiles_gen/src/prgen_map_ufile.f90
Compiled : 01/19/21  15:34:57
Compiler : Version 9.1.0
Ftnlx    : Version 9.1.0 
Target   : x86-64
Command  : ftn_driver.exe -hcpu=haswell -hdynamic -D__CRAYXC -D__CRAY_HASWELL
           -D__CRAYXT_COMPUTE_LINUX_TARGET -hnetwork=aries -hnoomp -em
           -J/global/homes/b/bassem/gyro-EP/modules -sreal64 -eD -Ktrap=fp -m1
           -Rbcdps -G0 -I/opt/cray/pe/netcdf/4.6.3.2/CRAYCLANG/9.0/include
           -c prgen_map_ufile.f90
           -I/opt/cray/pe/cce/9.1.0/cce-clang/x86_64/lib/clang/9.0.0/include
           -I/opt/cray/pe/cce/9.1.0/cce/x86_64/include/craylibs -I/usr/include
           -I/usr/include -I/opt/cray/pe/fftw/3.3.8.4/haswell/include
           -I/opt/cray/pe/libsci/19.06.1/CRAY/9.0/x86_64/include
           -I/opt/cray/pe/mpt/7.7.10/gni/mpich-cray/9.0/include
           -I/opt/cray/pe/hdf5/1.10.5.2/cray/9.0/include
           -I/opt/cray/pe/netcdf/4.6.3.2/cray/9.0/include
           -I/opt/cray/rca/2.2.20-7.0.1.1_4.53__g8e3fb5b.ari/include
           -I/opt/cray/alps/6.6.58-7.0.1.1_6.10__g437d88db.ari/include
           -I/opt/cray/xpmem/2.2.20-7.0.1.1_4.14__g0475745.ari/include
           -I/opt/cray/gni-headers/5.0.12.0-7.0.1.1_6.32__g3b1768f.ari/include
           -I/opt/cray/dmapp/7.1.1-7.0.1.1_4.54__g38cf134.ari/include
           -I/opt/cray/pe/pmi/5.0.14/include
           -I/opt/cray/ugni/6.0.14.0-7.0.1.1_7.40__ge78e5b0.ari/include
           -I/opt/cray/udreg/2.3.2-7.0.1.1_3.38__g8175d3d.ari/include
           -I/opt/cray/wlm_detect/1.3.3-7.0.1.1_4.16__g7109084.ari/include
           -I/opt/cray/krca/2.2.6-7.0.1.1_5.39__gb641b12.ari/include
           -I/opt/cray-hss-devel/9.0.0/include
Program
  Units  : PRGEN_MAP_UFILE
          UFILE_VOLINT

ftnlx report
------------
Source   : /global/u2/b/bassem/gyro-EP/shared/profiles_gen/src/prgen_map_ufile.f90
Date     : 01/19/2021  15:34:58


%%%%%%%%%%%%%%%%%%%%%%%%%%%%%%%%%%%%%%%%%%%%%%%%%%%%%%%%%%%%%%%%%%%%%%%%%%%%%%%%
                          S o u r c e   L i s t i n g
%%%%%%%%%%%%%%%%%%%%%%%%%%%%%%%%%%%%%%%%%%%%%%%%%%%%%%%%%%%%%%%%%%%%%%%%%%%%%%%%

    1.    !------------------------------------------------------------
    2.    ! prgen_map_ufile.f90
    3.    !
    4.    ! PURPOSE:
    5.    !  Map UFILE data onto input.profiles standard.  
    6.    !  
    7.    ! NOTES:
    8.    !  - See UFILE documentation at
    9.    !    http://tokamak-profiledb.ccfe.ac.uk/DOCS/PR08MAN/pdbman.html
   10.    !------------------------------------------------------------
   11.    
   12.    subroutine prgen_map_ufile
   13.    
   14.      use prgen_globals
   15.      use EXPRO_interface
   16.    
   17.      implicit none
   18.      real, dimension(:), allocatable :: powd_i
   19.      real, dimension(:), allocatable :: powd_e
   20.      real, dimension(:), allocatable :: powd_i_aux
   21.      real, dimension(:), allocatable :: powd_e_aux
   22.      real, dimension(:), allocatable :: powd_i_fus
   23.      real, dimension(:), allocatable :: powd_e_fus
   24.      real, dimension(:), allocatable :: powd_e_rad
   25.    
   26.      integer :: i,j
   27.    
   28.      allocate(powd_i(nx))
   29.      allocate(powd_e(nx))
   30.      allocate(powd_i_aux(nx))
   31.      allocate(powd_e_aux(nx))
   32.      allocate(powd_i_fus(nx))
   33.      allocate(powd_e_fus(nx))
   34.      allocate(powd_e_rad(nx))
   35.    
   36.      print '(a,i2)','INFO: (prgen) Number of ions: ',ufile_nion
   37.    
   38.      powd_i_aux(:) = ufile_qnbii(:) &
ftn-6262 ftn: VECTOR PRGEN_MAP_UFILE, File = prgen_map_ufile.f90, Line = 38 
  A loop starting at line 38 was not vectorized because it contains a call to a subroutine or function on line 38.

   39.           +ufile_qicrhi(:) &
   40.           +ufile_qechi(:) &
   41.           +ufile_qlhi(:) 
   42.    
   43.      powd_e_aux(:) = ufile_qnbie(:) &
ftn-6262 ftn: VECTOR PRGEN_MAP_UFILE, File = prgen_map_ufile.f90, Line = 43 
  A loop starting at line 43 was not vectorized because it contains a call to a subroutine or function on line 43.

   44.           +ufile_qicrhe(:)  &
   45.           +ufile_qeche(:) &
   46.           +ufile_qlhe(:) &
   47.           +ufile_qohm(:) 
   48.    
   49.      powd_e_rad(:) = ufile_qrad(:)
ftn-6262 ftn: VECTOR PRGEN_MAP_UFILE, File = prgen_map_ufile.f90, Line = 49 
  A loop starting at line 49 was not vectorized because it contains a call to a subroutine or function on line 49.

   50.    
   51.      powd_e_fus(:) = ufile_qfuse(:)
ftn-6262 ftn: VECTOR PRGEN_MAP_UFILE, File = prgen_map_ufile.f90, Line = 51 
  A loop starting at line 51 was not vectorized because it contains a call to a subroutine or function on line 51.

   52.      powd_i_fus(:) = ufile_qfusi(:)
ftn-6262 ftn: VECTOR PRGEN_MAP_UFILE, File = prgen_map_ufile.f90, Line = 52 
  A loop starting at line 52 was not vectorized because it contains a call to a subroutine or function on line 52.

   53.    
   54.      powd_i(:) = powd_i_aux(:) &
ftn-6262 ftn: VECTOR PRGEN_MAP_UFILE, File = prgen_map_ufile.f90, Line = 54 
  A loop starting at line 54 was not vectorized because it contains a call to a subroutine or function on line 54.

   55.           +ufile_qei(:) &
   56.           -ufile_qwalli(:)
   57.    
   58.      print '(a)','INFO: (prgen) i-power: (QNBII+QICHRI+QLHI+QECHI)+QEI-QWALLI'
   59.    
   60.      powd_e(:) = powd_e_aux(:) &
ftn-6262 ftn: VECTOR PRGEN_MAP_UFILE, File = prgen_map_ufile.f90, Line = 60 
  A loop starting at line 60 was not vectorized because it contains a call to a subroutine or function on line 60.

   61.           -ufile_qei(:) &
   62.           -ufile_qrad(:) &
   63.           -ufile_qwalle(:) 
   64.    
   65.      print '(a)','INFO: (prgen) e-power: (QNBIE+QICHRE+QLHE+QECHE+QOHM)-QE-QRAD-QWALLE'
   66.    
   67.      ! Integrate these profiles (W/m^3) times 1e-6 to obtain MW
   68.      call ufile_volint(1e-6*powd_i,pow_i,ufile_volume,nx)
                                  ^                              
ftn-1438 ftn: CAUTION PRGEN_MAP_UFILE, File = prgen_map_ufile.f90, Line = 68, Column = 25 
  This argument produces a copy in to a temporary variable.

   69.      call ufile_volint(1e-6*powd_e,pow_e,ufile_volume,nx)
                                  ^                              
ftn-1438 ftn: CAUTION PRGEN_MAP_UFILE, File = prgen_map_ufile.f90, Line = 69, Column = 25 
  This argument produces a copy in to a temporary variable.

   70.      call ufile_volint(1e-6*powd_i_aux,pow_i_aux,ufile_volume,nx)
                                  ^                                      
ftn-1438 ftn: CAUTION PRGEN_MAP_UFILE, File = prgen_map_ufile.f90, Line = 70, Column = 25 
  This argument produces a copy in to a temporary variable.

   71.      call ufile_volint(1e-6*powd_e_aux,pow_e_aux,ufile_volume,nx)
                                  ^                                      
ftn-1438 ftn: CAUTION PRGEN_MAP_UFILE, File = prgen_map_ufile.f90, Line = 71, Column = 25 
  This argument produces a copy in to a temporary variable.

   72.      call ufile_volint(1e-6*powd_i_fus,pow_i_fus,ufile_volume,nx)
                                  ^                                      
ftn-1438 ftn: CAUTION PRGEN_MAP_UFILE, File = prgen_map_ufile.f90, Line = 72, Column = 25 
  This argument produces a copy in to a temporary variable.

   73.      call ufile_volint(1e-6*powd_e_fus,pow_e_fus,ufile_volume,nx)
                                  ^                                      
ftn-1438 ftn: CAUTION PRGEN_MAP_UFILE, File = prgen_map_ufile.f90, Line = 73, Column = 25 
  This argument produces a copy in to a temporary variable.

   74.      call ufile_volint(1e-6*powd_e_rad,pow_e_rad,ufile_volume,nx)
                                  ^                                      
ftn-1438 ftn: CAUTION PRGEN_MAP_UFILE, File = prgen_map_ufile.f90, Line = 74, Column = 25 
  This argument produces a copy in to a temporary variable.

   75.      call ufile_volint(1e-6*ufile_qei,pow_ei,ufile_volume,nx)
                                  ^                                  
ftn-1438 ftn: CAUTION PRGEN_MAP_UFILE, File = prgen_map_ufile.f90, Line = 75, Column = 25 
  This argument produces a copy in to a temporary variable.

   76.    
   77.      !---------------------------------------------------------
   78.      ! Map profile data onto single array:
   79.      !
   80.      EXPRO_n_exp = nx
   81.      call EXPRO_alloc('./',1)
   82.      !
   83.      EXPRO_rho(:)       = rho(:)
ftn-6262 ftn: VECTOR PRGEN_MAP_UFILE, File = prgen_map_ufile.f90, Line = 83 
  A loop starting at line 83 was not vectorized because it contains a call to a subroutine or function on line 83.

   84.      EXPRO_rmin(:)      = rmin(:)
ftn-6262 ftn: VECTOR PRGEN_MAP_UFILE, File = prgen_map_ufile.f90, Line = 84 
  A loop starting at line 84 was not vectorized because it contains a call to a subroutine or function on line 84.

   85.      EXPRO_rmaj(:)      = rmaj(:)
ftn-6262 ftn: VECTOR PRGEN_MAP_UFILE, File = prgen_map_ufile.f90, Line = 85 
  A loop starting at line 85 was not vectorized because it contains a call to a subroutine or function on line 85.

   86.      EXPRO_q(:)         = q(:)
ftn-6262 ftn: VECTOR PRGEN_MAP_UFILE, File = prgen_map_ufile.f90, Line = 86 
  A loop starting at line 86 was not vectorized because it contains a call to a subroutine or function on line 86.

   87.      EXPRO_kappa(:)     = kappa(:)
ftn-6262 ftn: VECTOR PRGEN_MAP_UFILE, File = prgen_map_ufile.f90, Line = 87 
  A loop starting at line 87 was not vectorized because it contains a call to a subroutine or function on line 87.

   88.      EXPRO_delta(:)     = delta(:)
ftn-6262 ftn: VECTOR PRGEN_MAP_UFILE, File = prgen_map_ufile.f90, Line = 88 
  A loop starting at line 88 was not vectorized because it contains a call to a subroutine or function on line 88.

   89.      EXPRO_te(:)        = ufile_te(:)*1e-3
ftn-6262 ftn: VECTOR PRGEN_MAP_UFILE, File = prgen_map_ufile.f90, Line = 89 
  A loop starting at line 89 was not vectorized because it contains a call to a subroutine or function on line 89.

   90.      EXPRO_ne(:)        = ufile_ne(:)*1e-19
ftn-6262 ftn: VECTOR PRGEN_MAP_UFILE, File = prgen_map_ufile.f90, Line = 90 
  A loop starting at line 90 was not vectorized because it contains a call to a subroutine or function on line 90.

   91.      EXPRO_z_eff(:)     = ufile_zeff(:)
ftn-6262 ftn: VECTOR PRGEN_MAP_UFILE, File = prgen_map_ufile.f90, Line = 91 
  A loop starting at line 91 was not vectorized because it contains a call to a subroutine or function on line 91.

   92.      EXPRO_w0(:)        = 0.0
ftn-6263 ftn: VECTOR PRGEN_MAP_UFILE, File = prgen_map_ufile.f90, Line = 92 
  A loop starting at line 92 was not vectorized because it contains a reference to a non-vector intrinsic on line 92.

   93.      EXPRO_flow_mom(:)  = 0.0
ftn-6263 ftn: VECTOR PRGEN_MAP_UFILE, File = prgen_map_ufile.f90, Line = 93 
  A loop starting at line 93 was not vectorized because it contains a reference to a non-vector intrinsic on line 93.

   94.      EXPRO_pow_e(:)     = pow_e(:)
ftn-6262 ftn: VECTOR PRGEN_MAP_UFILE, File = prgen_map_ufile.f90, Line = 94 
  A loop starting at line 94 was not vectorized because it contains a call to a subroutine or function on line 94.

   95.      EXPRO_pow_i(:)     = pow_i(:)
ftn-6262 ftn: VECTOR PRGEN_MAP_UFILE, File = prgen_map_ufile.f90, Line = 95 
  A loop starting at line 95 was not vectorized because it contains a call to a subroutine or function on line 95.

   96.      EXPRO_pow_ei(:)    = pow_ei(:)
ftn-6262 ftn: VECTOR PRGEN_MAP_UFILE, File = prgen_map_ufile.f90, Line = 96 
  A loop starting at line 96 was not vectorized because it contains a call to a subroutine or function on line 96.

   97.      EXPRO_zeta(:)      = 0.0
ftn-6263 ftn: VECTOR PRGEN_MAP_UFILE, File = prgen_map_ufile.f90, Line = 97 
  A loop starting at line 97 was not vectorized because it contains a reference to a non-vector intrinsic on line 97.

   98.      EXPRO_flow_beam(:) = 0.0
ftn-6263 ftn: VECTOR PRGEN_MAP_UFILE, File = prgen_map_ufile.f90, Line = 98 
  A loop starting at line 98 was not vectorized because it contains a reference to a non-vector intrinsic on line 98.

   99.      EXPRO_flow_wall(:) = 0.0
ftn-6263 ftn: VECTOR PRGEN_MAP_UFILE, File = prgen_map_ufile.f90, Line = 99 
  A loop starting at line 99 was not vectorized because it contains a reference to a non-vector intrinsic on line 99.

  100.      EXPRO_zmag(:)      = 0.0
ftn-6263 ftn: VECTOR PRGEN_MAP_UFILE, File = prgen_map_ufile.f90, Line = 100 
  A loop starting at line 100 was not vectorized because it contains a reference to a non-vector intrinsic on line 100.

  101.      EXPRO_ptot(:)      = ufile_pres(:)
ftn-6262 ftn: VECTOR PRGEN_MAP_UFILE, File = prgen_map_ufile.f90, Line = 101 
  A loop starting at line 101 was not vectorized because it contains a call to a subroutine or function on line 101.

  102.      EXPRO_polflux = dpsi(:)
ftn-6262 ftn: VECTOR PRGEN_MAP_UFILE, File = prgen_map_ufile.f90, Line = 102 
  A loop starting at line 102 was not vectorized because it contains a call to a subroutine or function on line 102.

  103.    
  104.      !-----------------------------------------------------------------
  105.      ! Construct ion densities and temperatures with reordering
  106.      ! in general case.  Use vphi and vpol as temporary arrays.
  107.      !
  108.      do i=1,ufile_nion
  109.         EXPRO_vtor(i,:) = ufile_ni(:,i)*1e-19
ftn-6262 ftn: VECTOR PRGEN_MAP_UFILE, File = prgen_map_ufile.f90, Line = 109 
  A loop starting at line 109 was not vectorized because it contains a call to a subroutine or function on line 109.

  110.         EXPRO_vpol(i,:) = ufile_ti(:,i)*1e-3
ftn-6262 ftn: VECTOR PRGEN_MAP_UFILE, File = prgen_map_ufile.f90, Line = 110 
  A loop starting at line 110 was not vectorized because it contains a call to a subroutine or function on line 110.

  111.      enddo
  112.    
  113.      ! reorder
  114.      do i=1,n_ion_max
  115.         EXPRO_ni(i,:) = EXPRO_vtor(reorder_vec(i),:)
ftn-6262 ftn: VECTOR PRGEN_MAP_UFILE, File = prgen_map_ufile.f90, Line = 115 
  A loop starting at line 115 was not vectorized because it contains a call to a subroutine or function on line 115.

  116.         EXPRO_ti(i,:) = EXPRO_vpol(reorder_vec(i),:)
ftn-6262 ftn: VECTOR PRGEN_MAP_UFILE, File = prgen_map_ufile.f90, Line = 116 
  A loop starting at line 116 was not vectorized because it contains a call to a subroutine or function on line 116.

  117.      enddo
  118.    
  119.      ! vphi
  120.      EXPRO_vtor(:,:) = 0.0
ftn-6263 ftn: VECTOR PRGEN_MAP_UFILE, File = prgen_map_ufile.f90, Line = 120 
  A loop starting at line 120 was not vectorized because it contains a reference to a non-vector intrinsic on line 120.

  121.    
  122.      ! Insert carbon toroidal velocity
  123.      do i=1,8
  124.         j = reorder_vec(i)
  125.         if (nint(ufile_m(j)) == 12) then
  126.            print '(a)', 'INFO: (prgen) Assuming VROT is the carbon toroidal rotation.'
  127.            EXPRO_vtor(i,:) = -ufile_vrot(:)*(rmaj(:)+rmin(:))
ftn-6262 ftn: VECTOR PRGEN_MAP_UFILE, File = prgen_map_ufile.f90, Line = 127 
  A loop starting at line 127 was not vectorized because it contains a call to a subroutine or function on line 127.

  128.         endif
  129.      enddo
  130.    
  131.      ! vpol
  132.      EXPRO_vpol(:,:) = 0.0
ftn-6263 ftn: VECTOR PRGEN_MAP_UFILE, File = prgen_map_ufile.f90, Line = 132 
  A loop starting at line 132 was not vectorized because it contains a reference to a non-vector intrinsic on line 132.

  133.    
  134.      ! Additional powers (fusion and radiation)
  135.      ! * for iterdb, put all radiated power in pow_e_line
  136.      EXPRO_pow_e_fus(:) = pow_e_fus(:)
ftn-6262 ftn: VECTOR PRGEN_MAP_UFILE, File = prgen_map_ufile.f90, Line = 136 
  A loop starting at line 136 was not vectorized because it contains a call to a subroutine or function on line 136.

  137.      EXPRO_pow_i_fus(:) = pow_i_fus(:)
ftn-6262 ftn: VECTOR PRGEN_MAP_UFILE, File = prgen_map_ufile.f90, Line = 137 
  A loop starting at line 137 was not vectorized because it contains a call to a subroutine or function on line 137.

  138.      EXPRO_pow_e_sync(:) = 0.0
ftn-6263 ftn: VECTOR PRGEN_MAP_UFILE, File = prgen_map_ufile.f90, Line = 138 
  A loop starting at line 138 was not vectorized because it contains a reference to a non-vector intrinsic on line 138.

  139.      EXPRO_pow_e_brem(:) = 0.0
ftn-6263 ftn: VECTOR PRGEN_MAP_UFILE, File = prgen_map_ufile.f90, Line = 139 
  A loop starting at line 139 was not vectorized because it contains a reference to a non-vector intrinsic on line 139.

  140.      EXPRO_pow_e_line(:) = pow_e_rad(:)
ftn-6262 ftn: VECTOR PRGEN_MAP_UFILE, File = prgen_map_ufile.f90, Line = 140 
  A loop starting at line 140 was not vectorized because it contains a call to a subroutine or function on line 140.

  141.    
  142.      ! Additional powers (external heating)
  143.      EXPRO_pow_e_aux(:) = pow_e_aux(:)
ftn-6262 ftn: VECTOR PRGEN_MAP_UFILE, File = prgen_map_ufile.f90, Line = 143 
  A loop starting at line 143 was not vectorized because it contains a call to a subroutine or function on line 143.

  144.      EXPRO_pow_i_aux(:) = pow_i_aux(:)
ftn-6262 ftn: VECTOR PRGEN_MAP_UFILE, File = prgen_map_ufile.f90, Line = 144 
  A loop starting at line 144 was not vectorized because it contains a call to a subroutine or function on line 144.

  145.    
  146.    end subroutine prgen_map_ufile


%%%%%%%%%%%%%%%%%%%%%%%%%%%%%%%%%%%%%%%%%%%%%%%%%%%%%%%%%%%%%%%%%%%%%%%%%%%%%%%%
                          S o u r c e   L i s t i n g
%%%%%%%%%%%%%%%%%%%%%%%%%%%%%%%%%%%%%%%%%%%%%%%%%%%%%%%%%%%%%%%%%%%%%%%%%%%%%%%%

  147.    
  148.    !---------------------------------------------------------
  149.    ! Simple routine to obtain volume integral of the UFILE 
  150.    ! power densities by trapezoidal integration.
  151.    !---------------------------------------------------------
  152.    subroutine ufile_volint(f,fi,v,n)
  153.    
  154.      implicit none 
  155.    
  156.      integer, intent(in) :: n 
  157.      real, intent(in) :: f(n),v(n)
  158.      real, intent(inout) :: fi(n)
  159.      integer :: i
  160.    
  161.      fi(1) = 0.0
  162.      do i=2,n
  163.         fi(i) = fi(i-1)+0.5*(f(i-1)+f(i))*(v(i)-v(i-1))
  164.      enddo
  165.    
  166.    end subroutine ufile_volint
  167.    


%%%%%%%%%%%%%%%%%%%%%%%%%%%%%%%%%%%%%%%%%%%%%%%%%%%%%%%%%%%%%%%%%%%%%%%%%%%%%%%%
                         E x t e r n a l   R e p o r t
%%%%%%%%%%%%%%%%%%%%%%%%%%%%%%%%%%%%%%%%%%%%%%%%%%%%%%%%%%%%%%%%%%%%%%%%%%%%%%%%

Name  Messages
----  --------
EXPRO_ALLOC
      Defined as:  No definitions.

      Interface:   None

      Called By:   PRGEN_MAP_UFILE (Line 81, file prgen_map_ufile.f90)

Name  Messages
----  --------
EXPRO_INTERFACE
      Defined as:  No definitions.

      Used By:     PRGEN_MAP_UFILE

Name  Messages
----  --------
NINT(Intrinsic)
      Defined as:  No definitions.

      Interface:   None

      Called By:   PRGEN_MAP_UFILE (Line 125, file prgen_map_ufile.f90)

Name  Messages
----  --------
PRGEN_GLOBALS
      Defined as:  No definitions.

      Used By:     PRGEN_MAP_UFILE

Name  Messages
----  --------
PRGEN_MAP_UFILE
      Defined as:  Subroutine (line 12, file prgen_map_ufile.f90)

      Interface:   None

      Calls:       UFILE_VOLINT (Line 68, file prgen_map_ufile.f90)
                   UFILE_VOLINT (Line 69, file prgen_map_ufile.f90)
                   UFILE_VOLINT (Line 70, file prgen_map_ufile.f90)
                   UFILE_VOLINT (Line 71, file prgen_map_ufile.f90)
                   UFILE_VOLINT (Line 72, file prgen_map_ufile.f90)
                   UFILE_VOLINT (Line 73, file prgen_map_ufile.f90)
                   UFILE_VOLINT (Line 74, file prgen_map_ufile.f90)
                   UFILE_VOLINT (Line 75, file prgen_map_ufile.f90)
                   EXPRO_ALLOC (Line 81, file prgen_map_ufile.f90)
                   NINT(Intrinsic) (Line 125, file prgen_map_ufile.f90)

        Uses:      PRGEN_GLOBALS
                   EXPRO_INTERFACE

Name  Messages
----  --------
UFILE_VOLINT
      Defined as:  Subroutine (line 152, file prgen_map_ufile.f90)

      Interface:   None

      Called By:   PRGEN_MAP_UFILE (Line 68, file prgen_map_ufile.f90)
                   PRGEN_MAP_UFILE (Line 69, file prgen_map_ufile.f90)
                   PRGEN_MAP_UFILE (Line 70, file prgen_map_ufile.f90)
                   PRGEN_MAP_UFILE (Line 71, file prgen_map_ufile.f90)
                   PRGEN_MAP_UFILE (Line 72, file prgen_map_ufile.f90)
                   PRGEN_MAP_UFILE (Line 73, file prgen_map_ufile.f90)
                   PRGEN_MAP_UFILE (Line 74, file prgen_map_ufile.f90)
                   PRGEN_MAP_UFILE (Line 75, file prgen_map_ufile.f90)


%%%%%%%%%%%%%%%%%%%%%%%%%%%%%%%%%%%%%%%%%%%%%%%%%%%%%%%%%%%%%%%%%%%%%%%%%%%%%%%%
%%%%%%%%%%%%%%%%%%%%%%%%%%%%%%%%%%%%%%%%%%%%%%%%%%%%%%%%%%%%%%%%%%%%%%%%%%%%%%%%
