%%%%%%%%%%%%%%%%%%%%%%%%%%%%%%%%%%%%%%%%%%%%%%%%%%%%%%%%%%%%%%%%%%%%%%%%%%%%%%%%
                          S u m m a r y   R e p o r t
%%%%%%%%%%%%%%%%%%%%%%%%%%%%%%%%%%%%%%%%%%%%%%%%%%%%%%%%%%%%%%%%%%%%%%%%%%%%%%%%

Compilation
-----------
File     : /global/u2/b/bassem/gyro-EP/src/gyro_timestep_implicit.f90
Compiled : 01/19/21  15:35:53
Compiler : Version 9.1.0
Ftnlx    : Version 9.1.0 
Target   : x86-64
Command  : ftn_driver.exe -hcpu=haswell -hdynamic -D__CRAYXC -D__CRAY_HASWELL
           -D__CRAYXT_COMPUTE_LINUX_TARGET -hnetwork=aries -hnoomp -em
           -J/global/homes/b/bassem/gyro-EP/modules -sreal64 -eD -Ktrap=fp -m1
           -Rbcdps -G0 -I/opt/cray/pe/fftw/3.3.8.4/haswell/include
           -c gyro_timestep_implicit.f90
           -I/opt/cray/pe/cce/9.1.0/cce-clang/x86_64/lib/clang/9.0.0/include
           -I/opt/cray/pe/cce/9.1.0/cce/x86_64/include/craylibs -I/usr/include
           -I/usr/include -I/opt/cray/pe/fftw/3.3.8.4/haswell/include
           -I/opt/cray/pe/libsci/19.06.1/CRAY/9.0/x86_64/include
           -I/opt/cray/pe/mpt/7.7.10/gni/mpich-cray/9.0/include
           -I/opt/cray/pe/hdf5/1.10.5.2/cray/9.0/include
           -I/opt/cray/pe/netcdf/4.6.3.2/cray/9.0/include
           -I/opt/cray/rca/2.2.20-7.0.1.1_4.53__g8e3fb5b.ari/include
           -I/opt/cray/alps/6.6.58-7.0.1.1_6.10__g437d88db.ari/include
           -I/opt/cray/xpmem/2.2.20-7.0.1.1_4.14__g0475745.ari/include
           -I/opt/cray/gni-headers/5.0.12.0-7.0.1.1_6.32__g3b1768f.ari/include
           -I/opt/cray/dmapp/7.1.1-7.0.1.1_4.54__g38cf134.ari/include
           -I/opt/cray/pe/pmi/5.0.14/include
           -I/opt/cray/ugni/6.0.14.0-7.0.1.1_7.40__ge78e5b0.ari/include
           -I/opt/cray/udreg/2.3.2-7.0.1.1_3.38__g8175d3d.ari/include
           -I/opt/cray/wlm_detect/1.3.3-7.0.1.1_4.16__g7109084.ari/include
           -I/opt/cray/krca/2.2.6-7.0.1.1_5.39__gb641b12.ari/include
           -I/opt/cray-hss-devel/9.0.0/include
Program
  Units  : GYRO_TIMESTEP_IMPLICIT

ftnlx report
------------
Source   : /global/u2/b/bassem/gyro-EP/src/gyro_timestep_implicit.f90
Date     : 01/19/2021  15:35:54


%%%%%%%%%%%%%%%%%%%%%%%%%%%%%%%%%%%%%%%%%%%%%%%%%%%%%%%%%%%%%%%%%%%%%%%%%%%%%%%%
                          S o u r c e   L i s t i n g
%%%%%%%%%%%%%%%%%%%%%%%%%%%%%%%%%%%%%%%%%%%%%%%%%%%%%%%%%%%%%%%%%%%%%%%%%%%%%%%%

    1.    !-----------------------------------------------------------
    2.    ! gyro_timestep_implicit.f90 
    3.    !
    4.    ! PURPOSE:
    5.    !  High level control of an IMEX RK step.
    6.    !
    7.    ! NOTES:
    8.    !  This is the SSP2(3,2,2) IMEX Runge Kutta scheme.
    9.    !-----------------------------------------------------------
   10.    
   11.    subroutine gyro_timestep_implicit
   12.    
   13.      use gyro_globals
   14.      use gyro_pointers
   15.    
   16.      !--------------------------------------------------------------
   17.      implicit none
   18.      !
   19.      integer :: i_substep
   20.      real :: dts
   21.      !
   22.      complex, dimension(:,:,:,:), allocatable :: rhse_2
   23.      complex, dimension(:,:,:,:), allocatable :: rhse_3
   24.      complex, dimension(:,:,:,:), allocatable :: rhsi_1
   25.      complex, dimension(:,:,:,:), allocatable :: rhsi_2
   26.      complex, dimension(:,:,:,:), allocatable :: rhsi_3
   27.      !--------------------------------------------------------------
   28.    
   29.      allocate(rhse_2(n_stack,n_x,n_nek_loc_1,n_kinetic))
   30.      allocate(rhse_3(n_stack,n_x,n_nek_loc_1,n_kinetic))
   31.      allocate(rhsi_1(n_stack,n_x,n_nek_loc_1,n_kinetic))
   32.      allocate(rhsi_2(n_stack,n_x,n_nek_loc_1,n_kinetic))
   33.      allocate(rhsi_3(n_stack,n_x,n_nek_loc_1,n_kinetic))
   34.    
   35.    
   36.      h_0 = h
ftn-6332 ftn: VECTOR GYRO_TIMESTEP_IMPLICIT, File = gyro_timestep_implicit.f90, Line = 36 
  A loop starting at line 36 was not vectorized because it does not map well onto the target architecture.

   37.    
   38.      call gyro_kinetic_advance
   39.      rhsi_1 = (h-h_0)/(0.5*dt)
ftn-6332 ftn: VECTOR GYRO_TIMESTEP_IMPLICIT, File = gyro_timestep_implicit.f90, Line = 39 
  A loop starting at line 39 was not vectorized because it does not map well onto the target architecture.

   40.    
   41.      h = h_0-0.5*dt*rhsi_1
ftn-6332 ftn: VECTOR GYRO_TIMESTEP_IMPLICIT, File = gyro_timestep_implicit.f90, Line = 41 
  A loop starting at line 41 was not vectorized because it does not map well onto the target architecture.

   42.    
   43.      rhsi_2 = h
ftn-6332 ftn: VECTOR GYRO_TIMESTEP_IMPLICIT, File = gyro_timestep_implicit.f90, Line = 43 
  A loop starting at line 43 was not vectorized because it does not map well onto the target architecture.

   44.      call gyro_kinetic_advance
   45.      rhsi_2 = (h-rhsi_2)/(0.5*dt)
ftn-6332 ftn: VECTOR GYRO_TIMESTEP_IMPLICIT, File = gyro_timestep_implicit.f90, Line = 45 
  A loop starting at line 45 was not vectorized because it does not map well onto the target architecture.

   46.    
   47.      call gyro_rhs_total
   48.      rhse_2 = rhs
ftn-6332 ftn: VECTOR GYRO_TIMESTEP_IMPLICIT, File = gyro_timestep_implicit.f90, Line = 48 
  A loop starting at line 48 was not vectorized because it does not map well onto the target architecture.

   49.    
   50.      h = h_0+dt*rhse_2+0.5*dt*rhsi_2
ftn-6332 ftn: VECTOR GYRO_TIMESTEP_IMPLICIT, File = gyro_timestep_implicit.f90, Line = 50 
  A loop starting at line 50 was not vectorized because it does not map well onto the target architecture.

   51.    
   52.      rhsi_3 = h
ftn-6332 ftn: VECTOR GYRO_TIMESTEP_IMPLICIT, File = gyro_timestep_implicit.f90, Line = 52 
  A loop starting at line 52 was not vectorized because it does not map well onto the target architecture.

   53.      call gyro_kinetic_advance
   54.      rhsi_3 = (h-rhsi_3)/(0.5*dt)
ftn-6332 ftn: VECTOR GYRO_TIMESTEP_IMPLICIT, File = gyro_timestep_implicit.f90, Line = 54 
  A loop starting at line 54 was not vectorized because it does not map well onto the target architecture.

   55.    
   56.      call gyro_rhs_total
   57.      rhse_3 = rhs
ftn-6332 ftn: VECTOR GYRO_TIMESTEP_IMPLICIT, File = gyro_timestep_implicit.f90, Line = 57 
  A loop starting at line 57 was not vectorized because it does not map well onto the target architecture.

   58.    
   59.      h = h_0+dt*0.5*(rhse_2+rhse_3+rhsi_2+rhsi_3)
ftn-6332 ftn: VECTOR GYRO_TIMESTEP_IMPLICIT, File = gyro_timestep_implicit.f90, Line = 59 
  A loop starting at line 59 was not vectorized because it does not map well onto the target architecture.

   60.      call gyro_field_solve_explicit
   61.    
   62.      ! Error estimate
   63.    
   64.      h_err = 0.5*dt*(-rhse_2+rhse_3-rhsi_2+rhsi_3)
ftn-6332 ftn: VECTOR GYRO_TIMESTEP_IMPLICIT, File = gyro_timestep_implicit.f90, Line = 64 
  A loop starting at line 64 was not vectorized because it does not map well onto the target architecture.

   65.    
   66.      !----------------------------------------------------------
   67.      ! Use RK4 for nonlinear advance
   68.      !
   69.      if (n_substep > 0 .and. nonlinear_flag == 1) then
   70.    
   71.         dts = dt/n_substep
   72.    
   73.         do i_substep=1,n_substep
   74.    
   75.            h_0 = h
ftn-6332 ftn: VECTOR GYRO_TIMESTEP_IMPLICIT, File = gyro_timestep_implicit.f90, Line = 75 
  A loop starting at line 75 was not vectorized because it does not map well onto the target architecture.

   76.            call gyro_rhs_nonlinear
   77.            rhsi_1 = rhs
ftn-6332 ftn: VECTOR GYRO_TIMESTEP_IMPLICIT, File = gyro_timestep_implicit.f90, Line = 77 
  A loop starting at line 77 was not vectorized because it does not map well onto the target architecture.

   78.    
   79.            h = h_0+0.5*dts*rhsi_1
ftn-6332 ftn: VECTOR GYRO_TIMESTEP_IMPLICIT, File = gyro_timestep_implicit.f90, Line = 79 
  A loop starting at line 79 was not vectorized because it does not map well onto the target architecture.

   80.            call gyro_field_solve_explicit
   81.            call gyro_rhs_nonlinear
   82.            rhsi_2 = rhs
ftn-6332 ftn: VECTOR GYRO_TIMESTEP_IMPLICIT, File = gyro_timestep_implicit.f90, Line = 82 
  A loop starting at line 82 was not vectorized because it does not map well onto the target architecture.

   83.    
   84.            h = h_0+0.5*dts*rhsi_2
ftn-6332 ftn: VECTOR GYRO_TIMESTEP_IMPLICIT, File = gyro_timestep_implicit.f90, Line = 84 
  A loop starting at line 84 was not vectorized because it does not map well onto the target architecture.

   85.            call gyro_field_solve_explicit
   86.            call gyro_rhs_nonlinear
   87.            rhsi_3 = rhs
ftn-6332 ftn: VECTOR GYRO_TIMESTEP_IMPLICIT, File = gyro_timestep_implicit.f90, Line = 87 
  A loop starting at line 87 was not vectorized because it does not map well onto the target architecture.

   88.    
   89.            h = h_0+dts*rhsi_3
ftn-6332 ftn: VECTOR GYRO_TIMESTEP_IMPLICIT, File = gyro_timestep_implicit.f90, Line = 89 
  A loop starting at line 89 was not vectorized because it does not map well onto the target architecture.

   90.            call gyro_field_solve_explicit
   91.            call gyro_rhs_nonlinear
   92.    
   93.            h = h_0+dts*(rhsi_1+2.0*(rhsi_2+rhsi_3)+rhs)/6.0
ftn-6332 ftn: VECTOR GYRO_TIMESTEP_IMPLICIT, File = gyro_timestep_implicit.f90, Line = 93 
  A loop starting at line 93 was not vectorized because it does not map well onto the target architecture.

   94.            call gyro_field_solve_explicit
   95.    
   96.            h_err = h_err+dts*(-rhsi_1+rhsi_2+rhsi_3-rhs)/12.0
ftn-6332 ftn: VECTOR GYRO_TIMESTEP_IMPLICIT, File = gyro_timestep_implicit.f90, Line = 96 
  A loop starting at line 96 was not vectorized because it does not map well onto the target architecture.

   97.    
   98.         enddo
   99.    
  100.      endif
  101.      !----------------------------------------------------------
  102.    
  103.      deallocate(rhse_2)
  104.      deallocate(rhse_3)
  105.      deallocate(rhsi_1)
  106.      deallocate(rhsi_2)
  107.      deallocate(rhsi_3)
  108.    
  109.    end subroutine gyro_timestep_implicit


%%%%%%%%%%%%%%%%%%%%%%%%%%%%%%%%%%%%%%%%%%%%%%%%%%%%%%%%%%%%%%%%%%%%%%%%%%%%%%%%
                         E x t e r n a l   R e p o r t
%%%%%%%%%%%%%%%%%%%%%%%%%%%%%%%%%%%%%%%%%%%%%%%%%%%%%%%%%%%%%%%%%%%%%%%%%%%%%%%%

Name  Messages
----  --------
CHAR(Intrinsic)
      Defined as:  No definitions.

                   No calls.  It is not called and does not use any procedure.

      Interface:   None

Name  Messages
----  --------
GYRO_FIELD_SOLVE_EXPLICIT
      Defined as:  No definitions.

      Interface:   None

      Called By:   GYRO_TIMESTEP_IMPLICIT (Line 60, file gyro_timestep_implicit.f90)
                   GYRO_TIMESTEP_IMPLICIT (Line 80, file gyro_timestep_implicit.f90)
                   GYRO_TIMESTEP_IMPLICIT (Line 85, file gyro_timestep_implicit.f90)
                   GYRO_TIMESTEP_IMPLICIT (Line 90, file gyro_timestep_implicit.f90)
                   GYRO_TIMESTEP_IMPLICIT (Line 94, file gyro_timestep_implicit.f90)

Name  Messages
----  --------
GYRO_GLOBALS
      Defined as:  No definitions.

      Used By:     GYRO_TIMESTEP_IMPLICIT

Name  Messages
----  --------
GYRO_KINETIC_ADVANCE
      Defined as:  No definitions.

      Interface:   None

      Called By:   GYRO_TIMESTEP_IMPLICIT (Line 38, file gyro_timestep_implicit.f90)
                   GYRO_TIMESTEP_IMPLICIT (Line 44, file gyro_timestep_implicit.f90)
                   GYRO_TIMESTEP_IMPLICIT (Line 53, file gyro_timestep_implicit.f90)

Name  Messages
----  --------
GYRO_POINTERS
      Defined as:  No definitions.

      Used By:     GYRO_TIMESTEP_IMPLICIT

Name  Messages
----  --------
GYRO_RHS_NONLINEAR
      Defined as:  No definitions.

      Interface:   None

      Called By:   GYRO_TIMESTEP_IMPLICIT (Line 76, file gyro_timestep_implicit.f90)
                   GYRO_TIMESTEP_IMPLICIT (Line 81, file gyro_timestep_implicit.f90)
                   GYRO_TIMESTEP_IMPLICIT (Line 86, file gyro_timestep_implicit.f90)
                   GYRO_TIMESTEP_IMPLICIT (Line 91, file gyro_timestep_implicit.f90)

Name  Messages
----  --------
GYRO_RHS_TOTAL
      Defined as:  No definitions.

      Interface:   None

      Called By:   GYRO_TIMESTEP_IMPLICIT (Line 47, file gyro_timestep_implicit.f90)
                   GYRO_TIMESTEP_IMPLICIT (Line 56, file gyro_timestep_implicit.f90)

Name  Messages
----  --------
GYRO_TIMESTEP_IMPLICIT
      Defined as:  Subroutine (line 11, file gyro_timestep_implicit.f90)

      Interface:   None

      Calls:       GYRO_KINETIC_ADVANCE (Line 38, file gyro_timestep_implicit.f90)
                   GYRO_KINETIC_ADVANCE (Line 44, file gyro_timestep_implicit.f90)
                   GYRO_KINETIC_ADVANCE (Line 53, file gyro_timestep_implicit.f90)
                   GYRO_RHS_TOTAL (Line 47, file gyro_timestep_implicit.f90)
                   GYRO_RHS_TOTAL (Line 56, file gyro_timestep_implicit.f90)
                   GYRO_FIELD_SOLVE_EXPLICIT (Line 60, file gyro_timestep_implicit.f90)
                   GYRO_FIELD_SOLVE_EXPLICIT (Line 80, file gyro_timestep_implicit.f90)
                   GYRO_FIELD_SOLVE_EXPLICIT (Line 85, file gyro_timestep_implicit.f90)
                   GYRO_FIELD_SOLVE_EXPLICIT (Line 90, file gyro_timestep_implicit.f90)
                   GYRO_FIELD_SOLVE_EXPLICIT (Line 94, file gyro_timestep_implicit.f90)
                   GYRO_RHS_NONLINEAR (Line 76, file gyro_timestep_implicit.f90)
                   GYRO_RHS_NONLINEAR (Line 81, file gyro_timestep_implicit.f90)
                   GYRO_RHS_NONLINEAR (Line 86, file gyro_timestep_implicit.f90)
                   GYRO_RHS_NONLINEAR (Line 91, file gyro_timestep_implicit.f90)

        Uses:      GYRO_GLOBALS
                   GYRO_POINTERS


%%%%%%%%%%%%%%%%%%%%%%%%%%%%%%%%%%%%%%%%%%%%%%%%%%%%%%%%%%%%%%%%%%%%%%%%%%%%%%%%
%%%%%%%%%%%%%%%%%%%%%%%%%%%%%%%%%%%%%%%%%%%%%%%%%%%%%%%%%%%%%%%%%%%%%%%%%%%%%%%%
