%%%%%%%%%%%%%%%%%%%%%%%%%%%%%%%%%%%%%%%%%%%%%%%%%%%%%%%%%%%%%%%%%%%%%%%%%%%%%%%%
                          S u m m a r y   R e p o r t
%%%%%%%%%%%%%%%%%%%%%%%%%%%%%%%%%%%%%%%%%%%%%%%%%%%%%%%%%%%%%%%%%%%%%%%%%%%%%%%%

Compilation
-----------
File     : /global/u2/b/bassem/gyro-EP/src/gyro_kxky_spectrum.f90
Compiled : 01/19/21  15:35:40
Compiler : Version 9.1.0
Ftnlx    : Version 9.1.0 
Target   : x86-64
Command  : ftn_driver.exe -hcpu=haswell -hdynamic -D__CRAYXC -D__CRAY_HASWELL
           -D__CRAYXT_COMPUTE_LINUX_TARGET -hnetwork=aries -hnoomp -em
           -J/global/homes/b/bassem/gyro-EP/modules -sreal64 -eD -Ktrap=fp -m1
           -Rbcdps -G0 -I/opt/cray/pe/fftw/3.3.8.4/haswell/include
           -c gyro_kxky_spectrum.f90
           -I/opt/cray/pe/cce/9.1.0/cce-clang/x86_64/lib/clang/9.0.0/include
           -I/opt/cray/pe/cce/9.1.0/cce/x86_64/include/craylibs -I/usr/include
           -I/usr/include -I/opt/cray/pe/fftw/3.3.8.4/haswell/include
           -I/opt/cray/pe/libsci/19.06.1/CRAY/9.0/x86_64/include
           -I/opt/cray/pe/mpt/7.7.10/gni/mpich-cray/9.0/include
           -I/opt/cray/pe/hdf5/1.10.5.2/cray/9.0/include
           -I/opt/cray/pe/netcdf/4.6.3.2/cray/9.0/include
           -I/opt/cray/rca/2.2.20-7.0.1.1_4.53__g8e3fb5b.ari/include
           -I/opt/cray/alps/6.6.58-7.0.1.1_6.10__g437d88db.ari/include
           -I/opt/cray/xpmem/2.2.20-7.0.1.1_4.14__g0475745.ari/include
           -I/opt/cray/gni-headers/5.0.12.0-7.0.1.1_6.32__g3b1768f.ari/include
           -I/opt/cray/dmapp/7.1.1-7.0.1.1_4.54__g38cf134.ari/include
           -I/opt/cray/pe/pmi/5.0.14/include
           -I/opt/cray/ugni/6.0.14.0-7.0.1.1_7.40__ge78e5b0.ari/include
           -I/opt/cray/udreg/2.3.2-7.0.1.1_3.38__g8175d3d.ari/include
           -I/opt/cray/wlm_detect/1.3.3-7.0.1.1_4.16__g7109084.ari/include
           -I/opt/cray/krca/2.2.6-7.0.1.1_5.39__gb641b12.ari/include
           -I/opt/cray-hss-devel/9.0.0/include
Program
  Units  : GYRO_KXKY_SPECTRUM

ftnlx report
------------
Source   : /global/u2/b/bassem/gyro-EP/src/gyro_kxky_spectrum.f90
Date     : 01/19/2021  15:35:41


%%%%%%%%%%%%%%%%%%%%%%%%%%%%%%%%%%%%%%%%%%%%%%%%%%%%%%%%%%%%%%%%%%%%%%%%%%%%%%%%
                          S o u r c e   L i s t i n g
%%%%%%%%%%%%%%%%%%%%%%%%%%%%%%%%%%%%%%%%%%%%%%%%%%%%%%%%%%%%%%%%%%%%%%%%%%%%%%%%

    1.    !-------------------------------------------------------
    2.    ! get_field_spectrum.f90
    3.    !
    4.    ! PURPOSE:
    5.    !  This routine calculates the instantaneous potential
    6.    !  spectrum, averaged over theta.
    7.    !
    8.    ! NOTES:
    9.    !
   10.    ! Let <> = theta average
   11.    !
   12.    ! kxkyspec = < |phi_np|^2 >
   13.    !
   14.    !             L
   15.    !          1  /
   16.    !  NOTE:  --- | dr [<|phi_n|^2>] = sum_p < |phi_np|^2 >
   17.    !          L  /
   18.    !             0
   19.    !
   20.    ! Also note that 
   21.    !
   22.    ! sum_n sum_p |phi_np|^2 = Volume average of phi^2
   23.    !-------------------------------------------------------
   24.    
   25.    subroutine gyro_kxky_spectrum
   26.    
   27.      use gyro_globals
   28.      use math_constants
   29.      use ompdata
   30.    
   31.      !-------------------------------------
   32.      implicit none
   33.      !
   34.      integer :: p
   35.      real :: temp
   36.      complex :: f_bar(n_theta_int,n_x)
   37.      !-------------------------------------
   38.    
   39.      f_bar = (0.0,0.0)
ftn-6332 ftn: VECTOR GYRO_KXKY_SPECTRUM, File = gyro_kxky_spectrum.f90, Line = 39 
  A loop starting at line 39 was not vectorized because it does not map well onto the target architecture.

   40.    
   41.      ! Compute FT of phi.
   42.    !$omp parallel private(i,p,j)
   43.      do i=1,n_x  
   44.         do p = ibeg, iend
   45.            do j=1,n_theta_int
   46.               f_bar(j,p) = f_bar(j,p)+phi(j,i,1)*cRi(p,i)
   47.            enddo ! j
   48.         enddo ! p
   49.      enddo ! i
   50.    !$omp end parallel
   51.    
   52.      ! Find spectral sum:
   53.    
   54.      ! Previous version of GYRO eliminated certain spectral 
   55.      ! components.  Now, we just do the full (periodic) spectral 
   56.      ! decomposition to avoid confusion.
   57.    
   58.      do p=1,n_x
   59.    
   60.         temp = 0.0
   61.         do j=1,n_theta_int
   62.            temp = temp+abs(f_bar(j,p))**2
   63.         enddo
   64.         kxkyspec(p) = temp/n_theta_int
   65.    
   66.      enddo ! p
   67.    
   68.      if (i_proc == 0 .and. debug_flag == 1) then
   69.         print *,'[gyro_field_spectrum done]' 
   70.      endif
   71.    
   72.    end subroutine gyro_kxky_spectrum


%%%%%%%%%%%%%%%%%%%%%%%%%%%%%%%%%%%%%%%%%%%%%%%%%%%%%%%%%%%%%%%%%%%%%%%%%%%%%%%%
                         E x t e r n a l   R e p o r t
%%%%%%%%%%%%%%%%%%%%%%%%%%%%%%%%%%%%%%%%%%%%%%%%%%%%%%%%%%%%%%%%%%%%%%%%%%%%%%%%

Name  Messages
----  --------
ABS(Intrinsic)
      Defined as:  No definitions.

      Interface:   None

      Called By:   GYRO_KXKY_SPECTRUM (Line 62, file gyro_kxky_spectrum.f90)

Name  Messages
----  --------
CHAR(Intrinsic)
      Defined as:  No definitions.

                   No calls.  It is not called and does not use any procedure.

      Interface:   None

Name  Messages
----  --------
GYRO_GLOBALS
      Defined as:  No definitions.

      Used By:     GYRO_KXKY_SPECTRUM

Name  Messages
----  --------
GYRO_KXKY_SPECTRUM
      Defined as:  Subroutine (line 25, file gyro_kxky_spectrum.f90)

      Interface:   None

      Calls:       ABS(Intrinsic) (Line 62, file gyro_kxky_spectrum.f90)

        Uses:      GYRO_GLOBALS
                   MATH_CONSTANTS
                   OMPDATA

Name  Messages
----  --------
MATH_CONSTANTS
      Defined as:  No definitions.

      Used By:     GYRO_KXKY_SPECTRUM

Name  Messages
----  --------
OMPDATA
      Defined as:  No definitions.

      Used By:     GYRO_KXKY_SPECTRUM


%%%%%%%%%%%%%%%%%%%%%%%%%%%%%%%%%%%%%%%%%%%%%%%%%%%%%%%%%%%%%%%%%%%%%%%%%%%%%%%%
%%%%%%%%%%%%%%%%%%%%%%%%%%%%%%%%%%%%%%%%%%%%%%%%%%%%%%%%%%%%%%%%%%%%%%%%%%%%%%%%
