%%%%%%%%%%%%%%%%%%%%%%%%%%%%%%%%%%%%%%%%%%%%%%%%%%%%%%%%%%%%%%%%%%%%%%%%%%%%%%%%
                          S u m m a r y   R e p o r t
%%%%%%%%%%%%%%%%%%%%%%%%%%%%%%%%%%%%%%%%%%%%%%%%%%%%%%%%%%%%%%%%%%%%%%%%%%%%%%%%

Compilation
-----------
File     : /global/u2/b/bassem/gyro-EP/src/gyro_make_implicit_advect.f90
Compiled : 01/19/21  15:35:41
Compiler : Version 9.1.0
Ftnlx    : Version 9.1.0 
Target   : x86-64
Command  : ftn_driver.exe -hcpu=haswell -hdynamic -D__CRAYXC -D__CRAY_HASWELL
           -D__CRAYXT_COMPUTE_LINUX_TARGET -hnetwork=aries -hnoomp -em
           -J/global/homes/b/bassem/gyro-EP/modules -sreal64 -eD -Ktrap=fp -m1
           -Rbcdps -G0 -I/opt/cray/pe/fftw/3.3.8.4/haswell/include
           -c gyro_make_implicit_advect.f90
           -I/opt/cray/pe/cce/9.1.0/cce-clang/x86_64/lib/clang/9.0.0/include
           -I/opt/cray/pe/cce/9.1.0/cce/x86_64/include/craylibs -I/usr/include
           -I/usr/include -I/opt/cray/pe/fftw/3.3.8.4/haswell/include
           -I/opt/cray/pe/libsci/19.06.1/CRAY/9.0/x86_64/include
           -I/opt/cray/pe/mpt/7.7.10/gni/mpich-cray/9.0/include
           -I/opt/cray/pe/hdf5/1.10.5.2/cray/9.0/include
           -I/opt/cray/pe/netcdf/4.6.3.2/cray/9.0/include
           -I/opt/cray/rca/2.2.20-7.0.1.1_4.53__g8e3fb5b.ari/include
           -I/opt/cray/alps/6.6.58-7.0.1.1_6.10__g437d88db.ari/include
           -I/opt/cray/xpmem/2.2.20-7.0.1.1_4.14__g0475745.ari/include
           -I/opt/cray/gni-headers/5.0.12.0-7.0.1.1_6.32__g3b1768f.ari/include
           -I/opt/cray/dmapp/7.1.1-7.0.1.1_4.54__g38cf134.ari/include
           -I/opt/cray/pe/pmi/5.0.14/include
           -I/opt/cray/ugni/6.0.14.0-7.0.1.1_7.40__ge78e5b0.ari/include
           -I/opt/cray/udreg/2.3.2-7.0.1.1_3.38__g8175d3d.ari/include
           -I/opt/cray/wlm_detect/1.3.3-7.0.1.1_4.16__g7109084.ari/include
           -I/opt/cray/krca/2.2.6-7.0.1.1_5.39__gb641b12.ari/include
           -I/opt/cray-hss-devel/9.0.0/include
Program
  Units  : GYRO_MAKE_IMPLICIT_ADVECT

ftnlx report
------------
Source   : /global/u2/b/bassem/gyro-EP/src/gyro_make_implicit_advect.f90
Date     : 01/19/2021  15:35:42


%%%%%%%%%%%%%%%%%%%%%%%%%%%%%%%%%%%%%%%%%%%%%%%%%%%%%%%%%%%%%%%%%%%%%%%%%%%%%%%%
                          S o u r c e   L i s t i n g
%%%%%%%%%%%%%%%%%%%%%%%%%%%%%%%%%%%%%%%%%%%%%%%%%%%%%%%%%%%%%%%%%%%%%%%%%%%%%%%%

    1.    !------------------------------------------------
    2.    ! gyro_make_implicit_advect.f90
    3.    !
    4.    ! PURPOSE:
    5.    !  Generate matrices used for implicit electron 
    6.    !  advection, together with some associated 
    7.    !  operators used for time-stepping.
    8.    !------------------------------------------------
    9.    
   10.    subroutine gyro_make_implicit_advect(i_print)
   11.    
   12.      use mpi
   13.      use gyro_globals
   14.      use gyro_pointers
   15.      use math_constants
   16.    
   17.      !--------------------------------------------------
   18.      implicit none
   19.      !
   20.      integer, intent(in) :: i_print
   21.      !
   22.      integer :: m_diff
   23.      integer :: mp
   24.      integer :: mpc
   25.      integer :: n_s2
   26.      integer :: m0p
   27.      !
   28.      complex :: pff,pf
   29.      complex :: pc
   30.      complex :: pb,pbb
   31.      !
   32.      real :: a_dt_v
   33.      real :: x_s
   34.      !
   35.      complex, dimension(n_x,n_blend,8) :: imp_loc
   36.      complex, dimension(n_x,n_blend,8) :: imp_glob
   37.      complex, dimension(n_stack,n_stack) :: o_temp
   38.      complex, dimension(2,n_x,n_stack,-2:2) :: deriv_4
   39.      complex, dimension(:,:), allocatable :: o_work
   40.      complex, dimension(:), allocatable :: work
   41.      !--------------------------------------------------
   42.    
   43.    
   44.      deriv_4 = (0.0,0.0)
ftn-6332 ftn: VECTOR GYRO_MAKE_IMPLICIT_ADVECT, File = gyro_make_implicit_advect.f90, Line = 44 
  A loop starting at line 44 was not vectorized because it does not map well onto the target architecture.

   45.    
   46.      n_s2 = n_stack/2
   47.    
   48.      !-----
   49.      ck = 1
   50.      !-----
   51.    
   52.      do m=1,n_s2
   53.    
   54.         do i=1,n_x
   55.    
   56.            pff = p_cyc(ck,i,m+2,1)
   57.            pf  = p_cyc(ck,i,m+1,1)
   58.            pc  = p_cyc(ck,i,m,1)
   59.            pb  = p_cyc(ck,i,m-1,1)
   60.            pbb = p_cyc(ck,i,m-2,1)
   61.    
   62.            deriv_4(ck,i,m,2) = (-1.0/12.0)*pff
   63.            deriv_4(ck,i,m,1) = (8.0/12.0)*pf
   64.            deriv_4(ck,i,m,-1)  = (-8.0/12.0)*pb
   65.            deriv_4(ck,i,m,-2)  = (1.0/12.0)*pbb
   66.    
   67.         enddo ! i
   68.    
   69.      enddo ! m
   70.    
   71.      !-----
   72.      ck = 2
   73.      !-----
   74.    
   75.      do m=1,n_stack
   76.    
   77.         do i=1,n_x
   78.    
   79.            deriv_4(ck,i,m,2) = (-1.0/12.0)
   80.            deriv_4(ck,i,m,1) = (8.0/12.0)
   81.            deriv_4(ck,i,m,-1)  = (-8.0/12.0)
   82.            deriv_4(ck,i,m,-2)  = (1.0/12.0)
   83.    
   84.         enddo ! i
   85.    
   86.      enddo ! m
   87.    
   88.      ! Renormalize smoother:
   89.    
   90.      !-----------------------------------
   91.      ! Compute orbit-blending matrices 
   92.      !
   93.      !  [OF]  -> o_f
   94.      !  [OFv] -> o_fv
   95.      !
   96.      !-----------------------------------
   97.    
   98.      o_f(:,:,:,:)  = (0.0,0.0)
ftn-6263 ftn: VECTOR GYRO_MAKE_IMPLICIT_ADVECT, File = gyro_make_implicit_advect.f90, Line = 98 
  A loop starting at line 98 was not vectorized because it contains a reference to a non-vector intrinsic on line 98.

   99.      o_fv(:,:,:,:) = (0.0,0.0)
ftn-6263 ftn: VECTOR GYRO_MAKE_IMPLICIT_ADVECT, File = gyro_make_implicit_advect.f90, Line = 99 
  A loop starting at line 99 was not vectorized because it contains a reference to a non-vector intrinsic on line 99.

  100.    
  101.      do i=1,n_x
  102.    
  103.         p_nek_loc = 0
  104.    
  105.         do p_nek=1+i_proc_1,n_nek_1,n_proc_1
  106.    
  107.            p_nek_loc = p_nek_loc+1
  108.    
  109.            ie = nek_e(p_nek)  
  110.            k  = nek_k(p_nek)   
  111.    
  112.            ck = class(k)
  113.    
  114.            x_s = mu(n_spec)*sqrt(tem_s(n_spec,i))
  115.    
  116.            a_dt_v = a_SDIRK*dt*x_s*v_theta(i,ie,k,indx_e)/d_tau(ck)
  117.    
  118.            o_temp = (0.0,0.0)
ftn-6332 ftn: VECTOR GYRO_MAKE_IMPLICIT_ADVECT, File = gyro_make_implicit_advect.f90, Line = 118 
  A loop starting at line 118 was not vectorized because it does not map well onto the target architecture.

  119.    
  120.            if (ck == 1) then
  121.    
  122.               ! PASSING
  123.    
  124.               do m=1,n_s2
  125.    
  126.                  o_temp(m,m) = 1.0
  127.                  o_temp(m+n_s2,m+n_s2) = 1.0
  128.    
  129.                  do m_diff=-2,2
  130.    
  131.                     mpc = m_cyc(ck,m+m_diff,1)
  132.    
  133.                     ! First bunch with v<0
  134.    
  135.                     o_temp(m,mpc) = o_temp(m,mpc) & 
  136.                          -a_dt_v*deriv_4(ck,i,m,m_diff) 
  137.    
  138.                     ! Second bunch with v>0
  139.    
  140.                     o_temp(m+n_s2,mpc+n_s2) = o_temp(m+n_s2,mpc+n_s2) & 
  141.                          +a_dt_v*deriv_4(ck,i,m,m_diff)
  142.    
  143.                  enddo ! m_diff
  144.    
  145.               enddo ! m
  146.    
  147.               allocate(i_piv(n_s2))
  148.               allocate(work(n_s2))
  149.               allocate(o_work(n_s2,n_s2))
  150.    
  151.               o_work(:,:) = o_temp(1:n_s2,1:n_s2) 
ftn-6262 ftn: VECTOR GYRO_MAKE_IMPLICIT_ADVECT, File = gyro_make_implicit_advect.f90, Line = 151 
  A loop starting at line 151 was not vectorized because it contains a call to a subroutine or function on line 151.

  152.               call ZGETRF(n_s2,n_s2,o_work,n_s2,i_piv,info)
  153.               call ZGETRI(n_s2,o_work,n_s2,i_piv,work,n_s2,info)
  154.               o_temp(1:n_s2,1:n_s2) = o_work(:,:)
ftn-6262 ftn: VECTOR GYRO_MAKE_IMPLICIT_ADVECT, File = gyro_make_implicit_advect.f90, Line = 154 
  A loop starting at line 154 was not vectorized because it contains a call to a subroutine or function on line 154.

  155.               o_advect(1:n_s2,1:n_s2,i,p_nek_loc) = o_work(:,:)
ftn-6262 ftn: VECTOR GYRO_MAKE_IMPLICIT_ADVECT, File = gyro_make_implicit_advect.f90, Line = 155 
  A loop starting at line 155 was not vectorized because it contains a call to a subroutine or function on line 155.

  156.    
  157.               o_work(:,:) = o_temp(n_s2+1:n_stack,n_s2+1:n_stack) 
ftn-6262 ftn: VECTOR GYRO_MAKE_IMPLICIT_ADVECT, File = gyro_make_implicit_advect.f90, Line = 157 
  A loop starting at line 157 was not vectorized because it contains a call to a subroutine or function on line 157.

  158.               call ZGETRF(n_s2,n_s2,o_work,n_s2,i_piv,info)
  159.               call ZGETRI(n_s2,o_work,n_s2,i_piv,work,n_s2,info)
  160.               o_temp(n_s2+1:n_stack,n_s2+1:n_stack) = o_work(:,:)
ftn-6262 ftn: VECTOR GYRO_MAKE_IMPLICIT_ADVECT, File = gyro_make_implicit_advect.f90, Line = 160 
  A loop starting at line 160 was not vectorized because it contains a call to a subroutine or function on line 160.

  161.               o_advect(n_s2+1:n_stack,n_s2+1:n_stack,i,p_nek_loc) = o_work(:,:)
ftn-6262 ftn: VECTOR GYRO_MAKE_IMPLICIT_ADVECT, File = gyro_make_implicit_advect.f90, Line = 161 
  A loop starting at line 161 was not vectorized because it contains a call to a subroutine or function on line 161.

  162.    
  163.               do m=1,n_s2
  164.                  do mp=1,n_s2
  165.                     do j=1,n_blend
  166.    
  167.                        o_f(j,m,i,p_nek_loc) = o_f(j,m,i,p_nek_loc) + &
  168.                             o_temp(m,mp)*c_blend(j,mp,i,p_nek_loc)
  169.    
  170.                        o_fv(j,m,i,p_nek_loc) = o_fv(j,m,i,p_nek_loc) + &
  171.                             o_temp(m,mp)*c_blend(j,mp,i,p_nek_loc)* &
  172.                             v_para(mp,i,p_nek_loc,n_spec) 
  173.    
  174.                     enddo ! j
  175.                  enddo ! mp
  176.               enddo ! m
  177.    
  178.               do m=n_s2+1,n_stack
  179.                  do mp=n_s2+1,n_stack
  180.                     m0p = m_phys(1,mp)
  181.                     do j=1,n_blend
  182.    
  183.                        o_f(j,m,i,p_nek_loc) = o_f(j,m,i,p_nek_loc) + &
  184.                             o_temp(m,mp)*c_blend(j,m0p,i,p_nek_loc)
  185.    
  186.                        o_fv(j,m,i,p_nek_loc) = o_fv(j,m,i,p_nek_loc) + &
  187.                             o_temp(m,mp)*c_blend(j,m0p,i,p_nek_loc)*&
  188.                             v_para(mp,i,p_nek_loc,n_spec)
  189.    
  190.                     enddo ! j 
  191.                  enddo ! mp
  192.               enddo ! m 
  193.    
  194.               deallocate(i_piv)
  195.               deallocate(work)
  196.               deallocate(o_work)
  197.    
  198.            else
  199.    
  200.               ! TRAPPED
  201.    
  202.               do m=1,n_stack
  203.    
  204.                  o_temp(m,m) = 1.0
  205.    
  206.                  do m_diff=-2,2
  207.    
  208.                     mpc = m_cyc(ck,m+m_diff,1)
  209.    
  210.                     ! Begin with v<0 and loop around
  211.    
  212.                     o_temp(m,mpc) = o_temp(m,mpc) & 
  213.                          -a_dt_v*deriv_4(ck,i,m,m_diff)
  214.    
  215.                  enddo ! m_diff
  216.    
  217.               enddo ! m
  218.    
  219.               allocate(i_piv(n_stack))
  220.               allocate(work(n_stack))
  221.               allocate(o_work(n_stack,n_stack))
  222.    
  223.               o_work(:,:) = o_temp(1:n_stack,1:n_stack) 
ftn-6262 ftn: VECTOR GYRO_MAKE_IMPLICIT_ADVECT, File = gyro_make_implicit_advect.f90, Line = 223 
  A loop starting at line 223 was not vectorized because it contains a call to a subroutine or function on line 223.

  224.               call ZGETRF(n_stack,n_stack,o_work,n_stack,i_piv,info)
  225.               call ZGETRI(n_stack,o_work,n_stack,i_piv,work,n_stack,info)
  226.               o_temp(1:n_stack,1:n_stack) = o_work(:,:)
ftn-6262 ftn: VECTOR GYRO_MAKE_IMPLICIT_ADVECT, File = gyro_make_implicit_advect.f90, Line = 226 
  A loop starting at line 226 was not vectorized because it contains a call to a subroutine or function on line 226.

  227.               o_advect(1:n_stack,1:n_stack,i,p_nek_loc) = o_work(:,:)
ftn-6262 ftn: VECTOR GYRO_MAKE_IMPLICIT_ADVECT, File = gyro_make_implicit_advect.f90, Line = 227 
  A loop starting at line 227 was not vectorized because it contains a call to a subroutine or function on line 227.

  228.    
  229.               do m=1,n_stack
  230.                  do mp=1,n_stack
  231.                     m0p = m_phys(2,mp)
  232.                     do j=1,n_blend
  233.    
  234.                        o_f(j,m,i,p_nek_loc) = o_f(j,m,i,p_nek_loc) + &
  235.                             o_temp(m,mp)*c_blend(j,m0p,i,p_nek_loc)
  236.    
  237.                        o_fv(j,m,i,p_nek_loc) = o_fv(j,m,i,p_nek_loc) + &
  238.                             o_temp(m,mp)*c_blend(j,m0p,i,p_nek_loc)*&
  239.                             v_para(mp,i,p_nek_loc,n_spec) 
  240.    
  241.                     enddo ! j
  242.                  enddo ! mp
  243.               enddo ! m 
  244.    
  245.               deallocate(i_piv)
  246.               deallocate(work)
  247.               deallocate(o_work)
  248.    
  249.            endif
  250.    
  251.         enddo ! p_nek
  252.    
  253.      enddo ! i
  254.    
  255.      if (i_print == 1) then
  256.         do i=1,n_x
  257.            print *,'i = ',i
  258.            do m=1,n_stack
  259.               print 10,real(o_f(:,m,i,1))
  260.            enddo
  261.            print *
  262.            do m=1,n_stack
  263.               print 10,aimag(o_f(:,m,i,1))
  264.            enddo
  265.         enddo
  266.      endif
  267.    
  268.      !-------------------------------------------
  269.      ! Using orbit-blending matrices o_f, o_fv, 
  270.      ! compute the "electron implicit advection" 
  271.      ! blending matrices imp(1:8)
  272.      !-------------------------------------------
  273.    
  274.      do jp=1,n_blend
  275.    
  276.         imp_loc(:,:,:) = (0.0,0.0)
ftn-6263 ftn: VECTOR GYRO_MAKE_IMPLICIT_ADVECT, File = gyro_make_implicit_advect.f90, Line = 276 
  A loop starting at line 276 was not vectorized because it contains a reference to a non-vector intrinsic on line 276.

  277.    
  278.         do i=1,n_x
  279.    
  280.            p_nek_loc = 0
  281.    
  282.            do p_nek=1+i_proc_1,n_nek_1,n_proc_1
  283.    
  284.               p_nek_loc = p_nek_loc+1
  285.    
  286.               ie = nek_e(p_nek)
  287.               k  = nek_k(p_nek)
  288.    
  289.               ck = class(k)
  290.    
  291.               do m=1,n_stack
  292.    
  293.                  m0 = m_phys(ck,m)
  294.    
  295.                  !--------------------------------------------------------
  296.                  ! L_P phi     = imp(1) phi + imp(2) A_par + (-2)*imp(6) B_par
  297.                  ! L_A A_par   = imp(3) phi + imp(4) A_par + imp(5) B_par
  298.                  ! L_B B_par   = imp(6) phi + imp(7) A_par + imp(8) B_par
  299.                  !--------------------------------------------------------
  300.    
  301.                  ! Note that elements 2,3,5,6 carry a relative
  302.                  ! minus sign.  This follows from the minus sign 
  303.                  ! in G(phi-(vp/c)*Ap) + G_perp(m*v_perp^2)/(z*e*B)*B_par.
  304.    
  305.                  imp_loc(i,:,1) = imp_loc(i,:,1)+&
ftn-6262 ftn: VECTOR GYRO_MAKE_IMPLICIT_ADVECT, File = gyro_make_implicit_advect.f90, Line = 305 
  A loop starting at line 305 was not vectorized because it contains a call to a subroutine or function on line 305.

  306.                       alpha_s(n_spec,i)*cs_blend(:,m0,i,p_nek_loc)*&
  307.                       o_f(jp,m,i,p_nek_loc)
  308.                  
  309.                  imp_loc(i,:,2) = imp_loc(i,:,2)-&
ftn-6262 ftn: VECTOR GYRO_MAKE_IMPLICIT_ADVECT, File = gyro_make_implicit_advect.f90, Line = 309 
  A loop starting at line 309 was not vectorized because it contains a call to a subroutine or function on line 309.

  310.                       alpha_s(n_spec,i)*cs_blend(:,m0,i,p_nek_loc)*&
  311.                       o_fv(jp,m,i,p_nek_loc)
  312.                  
  313.                  imp_loc(i,:,3) = imp_loc(i,:,3)+&
ftn-6262 ftn: VECTOR GYRO_MAKE_IMPLICIT_ADVECT, File = gyro_make_implicit_advect.f90, Line = 313 
  A loop starting at line 313 was not vectorized because it contains a call to a subroutine or function on line 313.

  314.                       alpha_s(n_spec,i)*cs_blend(:,m0,i,p_nek_loc)*&
  315.                       v_para(m,i,p_nek_loc,n_spec)*o_f(jp,m,i,p_nek_loc)
  316.                  
  317.                  imp_loc(i,:,4) = imp_loc(i,:,4)-&
ftn-6262 ftn: VECTOR GYRO_MAKE_IMPLICIT_ADVECT, File = gyro_make_implicit_advect.f90, Line = 317 
  A loop starting at line 317 was not vectorized because it contains a call to a subroutine or function on line 317.

  318.                       alpha_s(n_spec,i)*cs_blend(:,m0,i,p_nek_loc)*&
  319.                       v_para(m,i,p_nek_loc,n_spec)*o_fv(jp,m,i,p_nek_loc)
  320.                  
  321.                  imp_loc(i,:,5) = imp_loc(i,:,5)-&
ftn-6262 ftn: VECTOR GYRO_MAKE_IMPLICIT_ADVECT, File = gyro_make_implicit_advect.f90, Line = 321 
  A loop starting at line 321 was not vectorized because it contains a call to a subroutine or function on line 321.

  322.                       alpha_s(n_spec,i)*cs_blend(:,m0,i,p_nek_loc)*&
  323.                       tem_s(n_spec,i)*o_f(jp,m,i,p_nek_loc)*&
  324.                       v_para(m,i,p_nek_loc,n_spec)*energy(ie)*lambda(i,k)
  325.                  
  326.                  imp_loc(i,:,6) = imp_loc(i,:,6)+&
ftn-6262 ftn: VECTOR GYRO_MAKE_IMPLICIT_ADVECT, File = gyro_make_implicit_advect.f90, Line = 326 
  A loop starting at line 326 was not vectorized because it contains a call to a subroutine or function on line 326.

  327.                       0.5*alpha_s(n_spec,i)*cs_blend(:,m0,i,p_nek_loc)*&
  328.                       tem_s(n_spec,i)*o_f(jp,m,i,p_nek_loc)*&
  329.                       energy(ie)*lambda(i,k)
  330.                  
  331.                  imp_loc(i,:,7) = imp_loc(i,:,7)-&
ftn-6262 ftn: VECTOR GYRO_MAKE_IMPLICIT_ADVECT, File = gyro_make_implicit_advect.f90, Line = 331 
  A loop starting at line 331 was not vectorized because it contains a call to a subroutine or function on line 331.

  332.                       0.5*alpha_s(n_spec,i)*cs_blend(:,m0,i,p_nek_loc)*&
  333.                       tem_s(n_spec,i)*o_fv(jp,m,i,p_nek_loc)*&
  334.                       energy(ie)*lambda(i,k)
  335.                  
  336.                  imp_loc(i,:,8) = imp_loc(i,:,8)-&
ftn-6262 ftn: VECTOR GYRO_MAKE_IMPLICIT_ADVECT, File = gyro_make_implicit_advect.f90, Line = 336 
  A loop starting at line 336 was not vectorized because it contains a call to a subroutine or function on line 336.

  337.                       0.5*alpha_s(n_spec,i)*cs_blend(:,m0,i,p_nek_loc)*&
  338.                       tem_s(n_spec,i)**2 *o_f(jp,m,i,p_nek_loc)*&
  339.                       energy(ie)**2 * lambda(i,k)**2
  340.                  
  341.    
  342.               enddo ! m
  343.    
  344.            enddo ! p_nek_loc
  345.    
  346.         enddo ! i
  347.    
  348.         call MPI_ALLREDUCE(imp_loc,&
  349.              imp_glob,&
  350.              n_x*n_blend*8,&
  351.              MPI_DOUBLE_COMPLEX,&
  352.              MPI_SUM,&
  353.              NEW_COMM_1,&
  354.              i_err)
  355.    
  356.         do i=1,n_x
  357.            do j=1,n_blend
  358.               imp(i,j,jp,:) = imp_glob(i,j,:)
ftn-6262 ftn: VECTOR GYRO_MAKE_IMPLICIT_ADVECT, File = gyro_make_implicit_advect.f90, Line = 358 
  A loop starting at line 358 was not vectorized because it contains a call to a subroutine or function on line 358.

  359.            enddo ! j
  360.         enddo ! i
  361.    
  362.      enddo ! jp
  363.    
  364.      ! Print samples:
  365.    
  366.      if (i_print == 1) then
  367.         do i=1,n_x
  368.            print *,'i = ',i
  369.            do j=1,n_blend
  370.               print 10,real(imp(i,j,:,4))
  371.            enddo
  372.            print *
  373.            do j=1,n_blend
  374.               print 10,aimag(imp(i,j,:,4))
  375.            enddo
  376.         enddo
  377.      endif
  378.    
  379.      if (debug_flag == 1 .and. i_proc == 0) then
  380.         print *,'[make_implicit_advect done]'
  381.      endif
  382.    
  383.    10 format(32(f11.5,1x))
  384.    
  385.    end subroutine gyro_make_implicit_advect
ftn-5001 ftn: NOTE GYRO_MAKE_IMPLICIT_ADVECT, File = gyro_make_implicit_advect.f90, Line = 385 
  Local variable "PC" is assigned a value but never used.



%%%%%%%%%%%%%%%%%%%%%%%%%%%%%%%%%%%%%%%%%%%%%%%%%%%%%%%%%%%%%%%%%%%%%%%%%%%%%%%%
                     C o m m o n   B l o c k   R e p o r t
%%%%%%%%%%%%%%%%%%%%%%%%%%%%%%%%%%%%%%%%%%%%%%%%%%%%%%%%%%%%%%%%%%%%%%%%%%%%%%%%

Blk  Program Unit                     Messages
---  ------------                     --------
/MPIFCMB5/                            Length: 4 bytes

     GYRO_MAKE_IMPLICIT_ADVECT        Block is used from MPI_CONSTANTS

Blk  Program Unit                     Messages
---  ------------                     --------
/MPIFCMB9/                            Length: 4 bytes

     GYRO_MAKE_IMPLICIT_ADVECT        Block is used from MPI_CONSTANTS

Blk  Program Unit                     Messages
---  ------------                     --------
/MPIPRIV1/                            Length: 28 bytes

     GYRO_MAKE_IMPLICIT_ADVECT        Block is used from MPI_CONSTANTS

Blk  Program Unit                     Messages
---  ------------                     --------
/MPIPRIV2/                            Length: 24 bytes

     GYRO_MAKE_IMPLICIT_ADVECT        Block is used from MPI_CONSTANTS

Blk  Program Unit                     Messages
---  ------------                     --------
/MPIPRIVC/                            Length: 2 bytes

     GYRO_MAKE_IMPLICIT_ADVECT        Block is used from MPI_CONSTANTS


%%%%%%%%%%%%%%%%%%%%%%%%%%%%%%%%%%%%%%%%%%%%%%%%%%%%%%%%%%%%%%%%%%%%%%%%%%%%%%%%
                         E x t e r n a l   R e p o r t
%%%%%%%%%%%%%%%%%%%%%%%%%%%%%%%%%%%%%%%%%%%%%%%%%%%%%%%%%%%%%%%%%%%%%%%%%%%%%%%%

Name  Messages
----  --------
AIMAG(Intrinsic)
      Defined as:  No definitions.

      Interface:   None

      Called By:   GYRO_MAKE_IMPLICIT_ADVECT (Line 263, file gyro_make_implicit_advect.f90)
                   GYRO_MAKE_IMPLICIT_ADVECT (Line 374, file gyro_make_implicit_advect.f90)

Name  Messages
----  --------
CHAR(Intrinsic)
      Defined as:  No definitions.

                   No calls.  It is not called and does not use any procedure.

      Interface:   None

Name  Messages
----  --------
COMMEQ in MPI_CONSTANTS
      Defined as:  No definitions.

                   No calls.  It is not called and does not use any procedure.

      Interface:   None

Name  Messages
----  --------
COMMNEQ in MPI_CONSTANTS
      Defined as:  No definitions.

                   No calls.  It is not called and does not use any procedure.

      Interface:   None

Name  Messages
----  --------
DATATYPEEQ in MPI_CONSTANTS
      Defined as:  No definitions.

                   No calls.  It is not called and does not use any procedure.

      Interface:   None

Name  Messages
----  --------
DATATYPENEQ in MPI_CONSTANTS
      Defined as:  No definitions.

                   No calls.  It is not called and does not use any procedure.

      Interface:   None

Name  Messages
----  --------
ERRHANDLEREQ in MPI_CONSTANTS
      Defined as:  No definitions.

                   No calls.  It is not called and does not use any procedure.

      Interface:   None

Name  Messages
----  --------
ERRHANDLERNEQ in MPI_CONSTANTS
      Defined as:  No definitions.

                   No calls.  It is not called and does not use any procedure.

      Interface:   None

Name  Messages
----  --------
FILEEQ in MPI_CONSTANTS
      Defined as:  No definitions.

                   No calls.  It is not called and does not use any procedure.

      Interface:   None

Name  Messages
----  --------
FILENEQ in MPI_CONSTANTS
      Defined as:  No definitions.

                   No calls.  It is not called and does not use any procedure.

      Interface:   None

Name  Messages
----  --------
GROUPEQ in MPI_CONSTANTS
      Defined as:  No definitions.

                   No calls.  It is not called and does not use any procedure.

      Interface:   None

Name  Messages
----  --------
GROUPNEQ in MPI_CONSTANTS
      Defined as:  No definitions.

                   No calls.  It is not called and does not use any procedure.

      Interface:   None

Name  Messages
----  --------
GYRO_GLOBALS
      Defined as:  No definitions.

      Used By:     GYRO_MAKE_IMPLICIT_ADVECT

Name  Messages
----  --------
GYRO_MAKE_IMPLICIT_ADVECT
      Defined as:  Subroutine (line 10, file gyro_make_implicit_advect.f90)

      Interface:   None

      Calls:       SQRT(Intrinsic) (Line 114, file gyro_make_implicit_advect.f90)
                   ZGETRF (Line 152, file gyro_make_implicit_advect.f90)
                   ZGETRF (Line 158, file gyro_make_implicit_advect.f90)
                   ZGETRF (Line 224, file gyro_make_implicit_advect.f90)
                   ZGETRI (Line 153, file gyro_make_implicit_advect.f90)
                   ZGETRI (Line 159, file gyro_make_implicit_advect.f90)
                   ZGETRI (Line 225, file gyro_make_implicit_advect.f90)
                   REAL(Intrinsic) (Line 259, file gyro_make_implicit_advect.f90)
                   REAL(Intrinsic) (Line 370, file gyro_make_implicit_advect.f90)
                   AIMAG(Intrinsic) (Line 263, file gyro_make_implicit_advect.f90)
                   AIMAG(Intrinsic) (Line 374, file gyro_make_implicit_advect.f90)

        Uses:      MPI
                   MPI_BASE  (indirectly)
                   MPI_SIZEOFS  (indirectly)
                   MPI_CONSTANTS  (indirectly)
                   GYRO_GLOBALS
                   GYRO_POINTERS
                   MATH_CONSTANTS

Name  Messages
----  --------
GYRO_POINTERS
      Defined as:  No definitions.

      Used By:     GYRO_MAKE_IMPLICIT_ADVECT

Name  Messages
----  --------
INFOEQ in MPI_CONSTANTS
      Defined as:  No definitions.

                   No calls.  It is not called and does not use any procedure.

      Interface:   None

Name  Messages
----  --------
INFONEQ in MPI_CONSTANTS
      Defined as:  No definitions.

                   No calls.  It is not called and does not use any procedure.

      Interface:   None

Name  Messages
----  --------
MATH_CONSTANTS
      Defined as:  No definitions.

      Used By:     GYRO_MAKE_IMPLICIT_ADVECT

Name  Messages
----  --------
MESSAGEEQ in MPI_CONSTANTS
      Defined as:  No definitions.

                   No calls.  It is not called and does not use any procedure.

      Interface:   None

Name  Messages
----  --------
MESSAGENEQ in MPI_CONSTANTS
      Defined as:  No definitions.

                   No calls.  It is not called and does not use any procedure.

      Interface:   None

Name  Messages
----  --------
MPI
      Defined as:  No definitions.

      Used By:     GYRO_MAKE_IMPLICIT_ADVECT

Name  Messages
----  --------
MPI_ALLREDUCE
      Defined as:  No definitions.

                   No calls.  It is not called and does not use any procedure.

      Interface:   None

Name  Messages
----  --------
MPI_BASE
      Defined as:  No definitions.

      Used By:     GYRO_MAKE_IMPLICIT_ADVECT  (indirectly)

Name  Messages
----  --------
MPI_CONSTANTS
      Defined as:  No definitions.

      Used By:     GYRO_MAKE_IMPLICIT_ADVECT  (indirectly)

Name  Messages
----  --------
MPI_SIZEOFS
      Defined as:  No definitions.

      Used By:     GYRO_MAKE_IMPLICIT_ADVECT  (indirectly)

Name  Messages
----  --------
MPI_SIZEOF_CH in MPI_SIZEOFS
      Defined as:  No definitions.

                   No calls.  It is not called and does not use any procedure.

      Interface:   None

Name  Messages
----  --------
MPI_SIZEOF_CHV in MPI_SIZEOFS
      Defined as:  No definitions.

                   No calls.  It is not called and does not use any procedure.

      Interface:   None

Name  Messages
----  --------
MPI_SIZEOF_CX in MPI_SIZEOFS
      Defined as:  No definitions.

                   No calls.  It is not called and does not use any procedure.

      Interface:   None

Name  Messages
----  --------
MPI_SIZEOF_CXV in MPI_SIZEOFS
      Defined as:  No definitions.

                   No calls.  It is not called and does not use any procedure.

      Interface:   None

Name  Messages
----  --------
MPI_SIZEOF_D in MPI_SIZEOFS
      Defined as:  No definitions.

                   No calls.  It is not called and does not use any procedure.

      Interface:   None

Name  Messages
----  --------
MPI_SIZEOF_DV in MPI_SIZEOFS
      Defined as:  No definitions.

                   No calls.  It is not called and does not use any procedure.

      Interface:   None

Name  Messages
----  --------
MPI_SIZEOF_I in MPI_SIZEOFS
      Defined as:  No definitions.

                   No calls.  It is not called and does not use any procedure.

      Interface:   None

Name  Messages
----  --------
MPI_SIZEOF_I1 in MPI_SIZEOFS
      Defined as:  No definitions.

                   No calls.  It is not called and does not use any procedure.

      Interface:   None

Name  Messages
----  --------
MPI_SIZEOF_I1V in MPI_SIZEOFS
      Defined as:  No definitions.

                   No calls.  It is not called and does not use any procedure.

      Interface:   None

Name  Messages
----  --------
MPI_SIZEOF_I2 in MPI_SIZEOFS
      Defined as:  No definitions.

                   No calls.  It is not called and does not use any procedure.

      Interface:   None

Name  Messages
----  --------
MPI_SIZEOF_I2V in MPI_SIZEOFS
      Defined as:  No definitions.

                   No calls.  It is not called and does not use any procedure.

      Interface:   None

Name  Messages
----  --------
MPI_SIZEOF_I8 in MPI_SIZEOFS
      Defined as:  No definitions.

                   No calls.  It is not called and does not use any procedure.

      Interface:   None

Name  Messages
----  --------
MPI_SIZEOF_I8V in MPI_SIZEOFS
      Defined as:  No definitions.

                   No calls.  It is not called and does not use any procedure.

      Interface:   None

Name  Messages
----  --------
MPI_SIZEOF_IV in MPI_SIZEOFS
      Defined as:  No definitions.

                   No calls.  It is not called and does not use any procedure.

      Interface:   None

Name  Messages
----  --------
MPI_SIZEOF_L in MPI_SIZEOFS
      Defined as:  No definitions.

                   No calls.  It is not called and does not use any procedure.

      Interface:   None

Name  Messages
----  --------
MPI_SIZEOF_LV in MPI_SIZEOFS
      Defined as:  No definitions.

                   No calls.  It is not called and does not use any procedure.

      Interface:   None

Name  Messages
----  --------
MPI_SIZEOF_R in MPI_SIZEOFS
      Defined as:  No definitions.

                   No calls.  It is not called and does not use any procedure.

      Interface:   None

Name  Messages
----  --------
MPI_SIZEOF_RV in MPI_SIZEOFS
      Defined as:  No definitions.

                   No calls.  It is not called and does not use any procedure.

      Interface:   None

Name  Messages
----  --------
OPEQ in MPI_CONSTANTS
      Defined as:  No definitions.

                   No calls.  It is not called and does not use any procedure.

      Interface:   None

Name  Messages
----  --------
OPNEQ in MPI_CONSTANTS
      Defined as:  No definitions.

                   No calls.  It is not called and does not use any procedure.

      Interface:   None

Name  Messages
----  --------
REAL(Intrinsic)
      Defined as:  No definitions.

      Interface:   None

      Called By:   GYRO_MAKE_IMPLICIT_ADVECT (Line 259, file gyro_make_implicit_advect.f90)
                   GYRO_MAKE_IMPLICIT_ADVECT (Line 370, file gyro_make_implicit_advect.f90)

Name  Messages
----  --------
REQUESTEQ in MPI_CONSTANTS
      Defined as:  No definitions.

                   No calls.  It is not called and does not use any procedure.

      Interface:   None

Name  Messages
----  --------
REQUESTNEQ in MPI_CONSTANTS
      Defined as:  No definitions.

                   No calls.  It is not called and does not use any procedure.

      Interface:   None

Name  Messages
----  --------
SQRT(Intrinsic)
      Defined as:  No definitions.

      Interface:   None

      Called By:   GYRO_MAKE_IMPLICIT_ADVECT (Line 114, file gyro_make_implicit_advect.f90)

Name  Messages
----  --------
WINEQ in MPI_CONSTANTS
      Defined as:  No definitions.

                   No calls.  It is not called and does not use any procedure.

      Interface:   None

Name  Messages
----  --------
WINNEQ in MPI_CONSTANTS
      Defined as:  No definitions.

                   No calls.  It is not called and does not use any procedure.

      Interface:   None

Name  Messages
----  --------
ZGETRF
      Defined as:  No definitions.

      Interface:   None

      Called By:   GYRO_MAKE_IMPLICIT_ADVECT (Line 152, file gyro_make_implicit_advect.f90)
                   GYRO_MAKE_IMPLICIT_ADVECT (Line 158, file gyro_make_implicit_advect.f90)
                   GYRO_MAKE_IMPLICIT_ADVECT (Line 224, file gyro_make_implicit_advect.f90)

Name  Messages
----  --------
ZGETRI
      Defined as:  No definitions.

      Interface:   None

      Called By:   GYRO_MAKE_IMPLICIT_ADVECT (Line 153, file gyro_make_implicit_advect.f90)
                   GYRO_MAKE_IMPLICIT_ADVECT (Line 159, file gyro_make_implicit_advect.f90)
                   GYRO_MAKE_IMPLICIT_ADVECT (Line 225, file gyro_make_implicit_advect.f90)


%%%%%%%%%%%%%%%%%%%%%%%%%%%%%%%%%%%%%%%%%%%%%%%%%%%%%%%%%%%%%%%%%%%%%%%%%%%%%%%%
%%%%%%%%%%%%%%%%%%%%%%%%%%%%%%%%%%%%%%%%%%%%%%%%%%%%%%%%%%%%%%%%%%%%%%%%%%%%%%%%
